#-----------------------------------------------------------
# Vivado v2023.1 (64-bit)
# SW Build 3865809 on Sun May  7 15:05:29 MDT 2023
# IP Build 3864474 on Sun May  7 20:36:21 MDT 2023
# SharedData Build 3865790 on Sun May 07 13:33:03 MDT 2023
# Start of session at: Mon Jul 15 11:15:23 2024
# Process ID: 17568
# Current directory: C:/Users/training/calc2/proiect-AMD/calc
# Command line: vivado.exe -gui_launcher_event rodinguilauncherevent12092 C:\Users\training\calc2\proiect-AMD\calc\calc.xpr
# Log file: C:/Users/training/calc2/proiect-AMD/calc/vivado.log
# Journal file: C:/Users/training/calc2/proiect-AMD/calc\vivado.jou
# Running On: amd-training-3, OS: Windows, CPU Frequency: 2096 MHz, CPU Physical cores: 12, Host memory: 33664 MB
#-----------------------------------------------------------
start_gui
open_project C:/Users/training/calc2/proiect-AMD/calc/calc.xpr
update_compile_order -fileset sources_1
save_project_as calc_vivado_2023 C:/Users/training/calc2/proiect-AMD/calc_vivado_2023 -force
launch_simulation
source top.tcl
close_sim
launch_simulation
source top.tcl
close_sim
launch_simulation
launch_simulation
source top.tcl
close_sim
launch_simulation
source top.tcl
close_sim
